// Jest Snapshot v1, https://goo.gl/fbAQLP

exports[`Button Component should render correctly 1`] = `
<View
  accessible={true}
  focusable={true}
  onClick={[Function]}
  onResponderGrant={[Function]}
  onResponderMove={[Function]}
  onResponderRelease={[Function]}
  onResponderTerminate={[Function]}
  onResponderTerminationRequest={[Function]}
  onStartShouldSetResponder={[Function]}
  style={
    Object {
      "opacity": 1,
    }
  }
  testID="testID"
>
  <View
    style={
      Array [
        Object {
          "alignItems": "center",
          "borderRadius": 100,
          "borderWidth": 1,
          "flex": 1,
          "justifyContent": "center",
          "marginHorizontal": 10,
          "marginTop": 20,
        },
        Object {
          "borderColor": "#2cd18a",
          "paddingHorizontal": 60,
          "paddingVertical": 10,
        },
      ]
    }
  >
    <Text
      style={
        Object {
          "color": "#2cd18a",
          "fontSize": 14,
        }
      }
    >
      Test
    </Text>
  </View>
</View>
`;
