// Jest Snapshot v1, https://goo.gl/fbAQLP

exports[`Category Card Component should render correctly 1`] = `
<View
  accessible={true}
  focusable={true}
  onClick={[Function]}
  onResponderGrant={[Function]}
  onResponderMove={[Function]}
  onResponderRelease={[Function]}
  onResponderTerminate={[Function]}
  onResponderTerminationRequest={[Function]}
  onStartShouldSetResponder={[Function]}
  style={
    Object {
      "opacity": 1,
    }
  }
>
  <View
    style={
      Object {
        "alignItems": "center",
        "borderColor": "#ccc",
        "borderRadius": 20,
        "borderWidth": 0.5,
        "flex": 1,
        "height": 215,
        "justifyContent": "center",
        "margin": 10,
      }
    }
  >
    <Image
      source={
        Object {
          "uri": "https://www.telegraph.co.uk/content/dam/Travel/2019/January/france-food.jpg?imw'id'th=1400",
        }
      }
      style={
        Object {
          "borderBottomLeftRadius": 0,
          "borderBottomRightRadius": 0,
          "borderRadius": 20,
          "height": 155,
          "shadowColor": "blue",
          "shadowOffset": Object {
            "height": 3,
            "width": 0,
          },
          "shadowOpacity": 1,
          "shadowRadius": 5,
          "width": "100%",
        }
      }
    />
    <Text
      style={
        Object {
          "color": "#333",
          "flex": 1,
          "fontSize": 20,
          "fontWeight": "bold",
          "marginTop": 8,
          "textAlign": "center",
        }
      }
    >
      Cookies
    </Text>
    <Text
      style={
        Object {
          "marginBottom": 5,
          "marginTop": 3,
        }
      }
    >
      0
       recipes
    </Text>
  </View>
</View>
`;
